
> zenithsui@0.1.0 lint C:\Users\amitk\Pictures\websitetesting\notepadbackup
> eslint


C:\Users\amitk\Pictures\websitetesting\notepadbackup\app\api\assets\proxy\route.ts
  42:17  error  Unexpected any. Specify a different type  @typescript-eslint/no-explicit-any

C:\Users\amitk\Pictures\websitetesting\notepadbackup\app\api\documents\[id]\invitations\route.ts
  34:19  error  Unexpected any. Specify a different type  @typescript-eslint/no-explicit-any

C:\Users\amitk\Pictures\websitetesting\notepadbackup\app\api\documents\[id]\og\route.ts
  1:10  warning  'NextResponse' is defined but never used  @typescript-eslint/no-unused-vars

C:\Users\amitk\Pictures\websitetesting\notepadbackup\app\api\invitations\route.ts
  67:17  error  Unexpected any. Specify a different type  @typescript-eslint/no-explicit-any

C:\Users\amitk\Pictures\websitetesting\notepadbackup\app\api\notifications\preferences\route.ts
  32:17  error  Unexpected any. Specify a different type  @typescript-eslint/no-explicit-any

C:\Users\amitk\Pictures\websitetesting\notepadbackup\app\api\share\[token]\route.ts
   5:10  warning  'getShareSessionCookieName' is defined but never used  @typescript-eslint/no-unused-vars
  63:11  warning  'token' is assigned a value but never used             @typescript-eslint/no-unused-vars
  86:17  error    Unexpected any. Specify a different type               @typescript-eslint/no-explicit-any
  95:11  warning  'token' is assigned a value but never used             @typescript-eslint/no-unused-vars

C:\Users\amitk\Pictures\websitetesting\notepadbackup\app\api\share\route.ts
  64:17  error  Unexpected any. Specify a different type  @typescript-eslint/no-explicit-any

C:\Users\amitk\Pictures\websitetesting\notepadbackup\app\dashboard\page.tsx
   15:3   warning  'CloudCheck' is defined but never used                                                                                                                                                                                                                                                                                                                                                                                                                                                                                                                                                                                                                                                                                                                                                                                                                                                                                                                                                                                            @typescript-eslint/no-unused-vars
   16:3   warning  'Check' is defined but never used                                                                                                                                                                                                                                                                                                                                                                                                                                                                                                                                                                                                                                                                                                                                                                                                                                                                                                                                                                                                 @typescript-eslint/no-unused-vars
   17:3   warning  'DotsThreeVertical' is defined but never used                                                                                                                                                                                                                                                                                                                                                                                                                                                                                                                                                                                                                                                                                                                                                                                                                                                                                                                                                                                     @typescript-eslint/no-unused-vars
   25:48  error    Unexpected any. Specify a different type                                                                                                                                                                                                                                                                                                                                                                                                                                                                                                                                                                                                                                                                                                                                                                                                                                                                                                                                                                                          @typescript-eslint/no-explicit-any
   41:31  error    Unexpected any. Specify a different type                                                                                                                                                                                                                                                                                                                                                                                                                                                                                                                                                                                                                                                                                                                                                                                                                                                                                                                                                                                          @typescript-eslint/no-explicit-any
   42:28  error    Unexpected any. Specify a different type                                                                                                                                                                                                                                                                                                                                                                                                                                                                                                                                                                                                                                                                                                                                                                                                                                                                                                                                                                                          @typescript-eslint/no-explicit-any
   56:9   error    Error: Calling setState synchronously within an effect can trigger cascading renders

Effects are intended to synchronize state between React and external systems such as manually updating the DOM, state management libraries, or other platform APIs. In general, the body of an effect should do one or both of the following:
* Update external systems with the latest state from React.
* Subscribe for updates from some external system, calling setState in a callback function when external state changes.

Calling setState synchronously within an effect body causes cascading renders that can hurt performance, and is not recommended. (https://react.dev/learn/you-might-not-need-an-effect).

C:\Users\amitk\Pictures\websitetesting\notepadbackup\app\dashboard\page.tsx:56:9
  54 |         })
  55 |       } else {
> 56 |         setSharedDocs([])
     |         ^^^^^^^^^^^^^ Avoid calling setState() directly within an effect
  57 |         setLoading(false)
  58 |       }
  59 |     } else {  react-hooks/set-state-in-effect
   70:6   warning  React Hook useEffect has an unnecessary dependency: 'activeTab'. Either exclude it or remove the dependency array. Outer scope values like 'activeTab' aren't valid dependencies because mutating them doesn't re-render the component                                                                                                                                                                                                                                                                                                                                                                                                                                                                                                                                                                                                                                                                                                                                                                                            react-hooks/exhaustive-deps
   75:7   error    Error: This value cannot be modified

Modifying a variable defined outside a component or hook is not allowed. Consider using an effect.

C:\Users\amitk\Pictures\websitetesting\notepadbackup\app\dashboard\page.tsx:75:7
  73 |     // Navigate to canvas with docId or load into store
  74 |     if (typeof window !== "undefined") {
> 75 |       window.location.href = `/?doc=${doc.id}`
     |       ^^^^^^^^^^^^^^^ value cannot be modified
  76 |     }
  77 |   }
  78 |                                                                                                                                                                                                                                                                                                                                                                                                                                                                                                                                              react-hooks/immutability
   92:13  error    Do not use an `<a>` element to navigate to `/`. Use `<Link />` from `next/link` instead. See: https://nextjs.org/docs/messages/no-html-link-for-pages                                                                                                                                                                                                                                                                                                                                                                                                                                                                                                                                                                                                                                                                                                                                                                                                                                                                             @next/next/no-html-link-for-pages
  168:11  error    Do not use an `<a>` element to navigate to `/`. Use `<Link />` from `next/link` instead. See: https://nextjs.org/docs/messages/no-html-link-for-pages                                                                                                                                                                                                                                                                                                                                                                                                                                                                                                                                                                                                                                                                                                                                                                                                                                                                             @next/next/no-html-link-for-pages
  227:23  warning  'isSynced' is assigned a value but never used                                                                                                                                                                                                                                                                                                                                                                                                                                                                                                                                                                                                                                                                                                                                                                                                                                                                                                                                                                                     @typescript-eslint/no-unused-vars

C:\Users\amitk\Pictures\websitetesting\notepadbackup\app\invite\[token]\page.tsx
  36:19  error  Unexpected any. Specify a different type  @typescript-eslint/no-explicit-any

C:\Users\amitk\Pictures\websitetesting\notepadbackup\app\lan\view\[sessionId]\lan-viewer-client.tsx
  44:7  error  Error: Calling setState synchronously within an effect can trigger cascading renders

Effects are intended to synchronize state between React and external systems such as manually updating the DOM, state management libraries, or other platform APIs. In general, the body of an effect should do one or both of the following:
* Update external systems with the latest state from React.
* Subscribe for updates from some external system, calling setState in a callback function when external state changes.

Calling setState synchronously within an effect body causes cascading renders that can hurt performance, and is not recommended. (https://react.dev/learn/you-might-not-need-an-effect).

C:\Users\amitk\Pictures\websitetesting\notepadbackup\app\lan\view\[sessionId]\lan-viewer-client.tsx:44:7
  42 |       }
  43 |     } catch {
> 44 |       setStatus("offline")
     |       ^^^^^^^^^ Avoid calling setState() directly within an effect
  45 |     }
  46 |
  47 |     return () => {  react-hooks/set-state-in-effect

C:\Users\amitk\Pictures\websitetesting\notepadbackup\app\p\[slug]\page.tsx
  58:9  error  Do not use an `<a>` element to navigate to `/`. Use `<Link />` from `next/link` instead. See: https://nextjs.org/docs/messages/no-html-link-for-pages  @next/next/no-html-link-for-pages
  72:9  error  Do not use an `<a>` element to navigate to `/`. Use `<Link />` from `next/link` instead. See: https://nextjs.org/docs/messages/no-html-link-for-pages  @next/next/no-html-link-for-pages

C:\Users\amitk\Pictures\websitetesting\notepadbackup\app\share\[token]\page.tsx
  12:11  warning  'token' is assigned a value but never used                                                                                                             @typescript-eslint/no-unused-vars
  49:9   error    Do not use an `<a>` element to navigate to `/`. Use `<Link />` from `next/link` instead. See: https://nextjs.org/docs/messages/no-html-link-for-pages  @next/next/no-html-link-for-pages

C:\Users\amitk\Pictures\websitetesting\notepadbackup\app\share\[token]\viewer-client.tsx
   7:10  warning  'Lock' is defined but never used                  @typescript-eslint/no-unused-vars
   7:53  warning  'MagnifyingGlassPlus' is defined but never used   @typescript-eslint/no-unused-vars
   7:74  warning  'MagnifyingGlassMinus' is defined but never used  @typescript-eslint/no-unused-vars
   7:96  warning  'FrameCorners' is defined but never used          @typescript-eslint/no-unused-vars
   9:10  warning  'useSquig' is defined but never used              @typescript-eslint/no-unused-vars
  14:15  error    Unexpected any. Specify a different type          @typescript-eslint/no-explicit-any
  26:3   warning  'allowDuplicate' is defined but never used        @typescript-eslint/no-unused-vars

C:\Users\amitk\Pictures\websitetesting\notepadbackup\app\student\page.tsx
   23:3   warning  'Target' is defined but never used                                                                                                                                                                                                                                                                                                                                                                                                                                                                                                                                                                                                                                                                                                       @typescript-eslint/no-unused-vars
   24:3   warning  'Exam' is defined but never used                                                                                                                                                                                                                                                                                                                                                                                                                                                                                                                                                                                                                                                                                                         @typescript-eslint/no-unused-vars
   25:3   warning  'ChartLineUp' is defined but never used                                                                                                                                                                                                                                                                                                                                                                                                                                                                                                                                                                                                                                                                                                  @typescript-eslint/no-unused-vars
   26:3   warning  'ChalkboardTeacher' is defined but never used                                                                                                                                                                                                                                                                                                                                                                                                                                                                                                                                                                                                                                                                                            @typescript-eslint/no-unused-vars
   27:3   warning  'ShieldCheck' is defined but never used                                                                                                                                                                                                                                                                                                                                                                                                                                                                                                                                                                                                                                                                                                  @typescript-eslint/no-unused-vars
   29:3   warning  'CheckCircle' is defined but never used                                                                                                                                                                                                                                                                                                                                                                                                                                                                                                                                                                                                                                                                                                  @typescript-eslint/no-unused-vars
   32:3   warning  'Funnel' is defined but never used                                                                                                                                                                                                                                                                                                                                                                                                                                                                                                                                                                                                                                                                                                       @typescript-eslint/no-unused-vars
   33:3   warning  'TrendUp' is defined but never used                                                                                                                                                                                                                                                                                                                                                                                                                                                                                                                                                                                                                                                                                                      @typescript-eslint/no-unused-vars
  124:12  error    Error: Cannot call impure function during render

`Date.now` is an impure function. Calling an impure function can produce unstable results that update unpredictably when the component happens to re-render. (https://react.dev/reference/rules/components-and-hooks-must-be-pure#components-and-hooks-must-be-idempotent).

C:\Users\amitk\Pictures\websitetesting\notepadbackup\app\student\page.tsx:124:12
  122 |
  123 |   const examTargetTimestamp = useMemo(() => {
> 124 |     return Date.now() + 14 * 24 * 60 * 60 * 1000 + 6 * 3600 * 1000 + 42 * 60 * 1000
      |            ^^^^^^^^^^ Cannot call impure function
  125 |   }, [])
  126 |
  127 |   const [countdown, setCountdown] = useState<CountdownState>(() =>  react-hooks/purity
  201:11  error    Do not use an `<a>` element to navigate to `/`. Use `<Link />` from `next/link` instead. See: https://nextjs.org/docs/messages/no-html-link-for-pages                                                                                                                                                                                                                                                                                                                                                                                                                                                                                                                                                                                    @next/next/no-html-link-for-pages

C:\Users\amitk\Pictures\websitetesting\notepadbackup\components\chrome\migration-dialog.tsx
  7:24  warning  'Check' is defined but never used  @typescript-eslint/no-unused-vars

C:\Users\amitk\Pictures\websitetesting\notepadbackup\components\chrome\notifications-panel.tsx
   4:16  warning  'Check' is defined but never used                                                                                                                                                                                                                                                                                                                                                                                                                                                                                                                                                                                                                                                                                                                                                                                                                                                                                                                                                                                                          @typescript-eslint/no-unused-vars
  14:10  warning  'loading' is assigned a value but never used                                                                                                                                                                                                                                                                                                                                                                                                                                                                                                                                                                                                                                                                                                                                                                                                                                                                                                                                                                                               @typescript-eslint/no-unused-vars
  33:7   error    Error: Calling setState synchronously within an effect can trigger cascading renders

Effects are intended to synchronize state between React and external systems such as manually updating the DOM, state management libraries, or other platform APIs. In general, the body of an effect should do one or both of the following:
* Update external systems with the latest state from React.
* Subscribe for updates from some external system, calling setState in a callback function when external state changes.

Calling setState synchronously within an effect body causes cascading renders that can hurt performance, and is not recommended. (https://react.dev/learn/you-might-not-need-an-effect).

C:\Users\amitk\Pictures\websitetesting\notepadbackup\components\chrome\notifications-panel.tsx:33:7
  31 |   useEffect(() => {
  32 |     if (isOpen) {
> 33 |       fetchNotifications()
     |       ^^^^^^^^^^^^^^^^^^ Avoid calling setState() directly within an effect
  34 |     }
  35 |   }, [isOpen])
  36 |  react-hooks/set-state-in-effect

C:\Users\amitk\Pictures\websitetesting\notepadbackup\components\chrome\share-dialog.tsx
   12:3   warning  'Lock' is defined but never used                            @typescript-eslint/no-unused-vars
   13:3   warning  'Globe' is defined but never used                           @typescript-eslint/no-unused-vars
   14:3   warning  'Users' is defined but never used                           @typescript-eslint/no-unused-vars
   18:3   warning  'Key' is defined but never used                             @typescript-eslint/no-unused-vars
   19:3   warning  'Eye' is defined but never used                             @typescript-eslint/no-unused-vars
   20:3   warning  'PencilSimple' is defined but never used                    @typescript-eslint/no-unused-vars
   22:3   warning  'QrCode' is defined but never used                          @typescript-eslint/no-unused-vars
   32:3   warning  'updateDocumentMemberRoleAction' is defined but never used  @typescript-eslint/no-unused-vars
   33:3   warning  'removeDocumentMemberAction' is defined but never used      @typescript-eslint/no-unused-vars
   34:3   warning  'transferOwnershipAction' is defined but never used         @typescript-eslint/no-unused-vars
   40:3   warning  'resendInvitationAction' is defined but never used          @typescript-eslint/no-unused-vars
   41:3   warning  'revokeInvitationAction' is defined but never used          @typescript-eslint/no-unused-vars
   60:21  warning  'setLinkLabel' is assigned a value but never used           @typescript-eslint/no-unused-vars
   74:22  warning  'setPublicRole' is assigned a value but never used          @typescript-eslint/no-unused-vars
   77:10  warning  'members' is assigned a value but never used                @typescript-eslint/no-unused-vars
   77:19  warning  'setMembers' is assigned a value but never used             @typescript-eslint/no-unused-vars
   77:42  error    Unexpected any. Specify a different type                    @typescript-eslint/no-explicit-any
   78:38  error    Unexpected any. Specify a different type                    @typescript-eslint/no-explicit-any
   79:50  error    Unexpected any. Specify a different type                    @typescript-eslint/no-explicit-any
   80:10  warning  'isOwner' is assigned a value but never used                @typescript-eslint/no-unused-vars
   80:19  warning  'setIsOwner' is assigned a value but never used             @typescript-eslint/no-unused-vars
   88:10  warning  'showQr' is assigned a value but never used                 @typescript-eslint/no-unused-vars
   88:18  warning  'setShowQr' is assigned a value but never used              @typescript-eslint/no-unused-vars
  166:19  error    Unexpected any. Specify a different type                    @typescript-eslint/no-explicit-any
  195:19  error    Unexpected any. Specify a different type                    @typescript-eslint/no-explicit-any
  211:19  error    Unexpected any. Specify a different type                    @typescript-eslint/no-explicit-any
  229:19  error    Unexpected any. Specify a different type                    @typescript-eslint/no-explicit-any
  247:19  error    Unexpected any. Specify a different type                    @typescript-eslint/no-explicit-any
  270:19  error    Unexpected any. Specify a different type                    @typescript-eslint/no-explicit-any

C:\Users\amitk\Pictures\websitetesting\notepadbackup\components\chrome\trash-dialog.tsx
  42:7  error  Error: Calling setState synchronously within an effect can trigger cascading renders

Effects are intended to synchronize state between React and external systems such as manually updating the DOM, state management libraries, or other platform APIs. In general, the body of an effect should do one or both of the following:
* Update external systems with the latest state from React.
* Subscribe for updates from some external system, calling setState in a callback function when external state changes.

Calling setState synchronously within an effect body causes cascading renders that can hurt performance, and is not recommended. (https://react.dev/learn/you-might-not-need-an-effect).

C:\Users\amitk\Pictures\websitetesting\notepadbackup\components\chrome\trash-dialog.tsx:42:7
  40 |   useEffect(() => {
  41 |     if (!open) {
> 42 |       setConfirmDelete(null)
     |       ^^^^^^^^^^^^^^^^ Avoid calling setState() directly within an effect
  43 |       return
  44 |     }
  45 |     const refresh = () => setItems(listTrashDocuments())  react-hooks/set-state-in-effect

C:\Users\amitk\Pictures\websitetesting\notepadbackup\components\chrome\version-history-panel.tsx
   7:65  warning  'Check' is defined but never used                                                                                                                                                                                                                                                                                                                                                                                                                                                                                                                                                                                                                                                                                                                                                                                                                                                                                                                                                                                                                                                                                                     @typescript-eslint/no-unused-vars
  24:7   error    Error: Calling setState synchronously within an effect can trigger cascading renders

Effects are intended to synchronize state between React and external systems such as manually updating the DOM, state management libraries, or other platform APIs. In general, the body of an effect should do one or both of the following:
* Update external systems with the latest state from React.
* Subscribe for updates from some external system, calling setState in a callback function when external state changes.

Calling setState synchronously within an effect body causes cascading renders that can hurt performance, and is not recommended. (https://react.dev/learn/you-might-not-need-an-effect).

C:\Users\amitk\Pictures\websitetesting\notepadbackup\components\chrome\version-history-panel.tsx:24:7
  22 |   useEffect(() => {
  23 |     if (isOpen && cloudDocId) {
> 24 |       setLoading(true)
     |       ^^^^^^^^^^ Avoid calling setState() directly within an effect
  25 |       listVersionSnapshots(cloudDocId)
  26 |         .then(setVersions)
  27 |         .finally(() => setLoading(false))  react-hooks/set-state-in-effect

C:\Users\amitk\Pictures\websitetesting\notepadbackup\components\chrome\wifi-device-panel.tsx
  4:10  warning  'Button' is defined but never used  @typescript-eslint/no-unused-vars

C:\Users\amitk\Pictures\websitetesting\notepadbackup\components\chrome\wifi-publish-dialog.tsx
   7:10  warning  'Switch' is defined but never used       @typescript-eslint/no-unused-vars
  13:3   warning  'QrCode' is defined but never used       @typescript-eslint/no-unused-vars
  14:3   warning  'ShieldCheck' is defined but never used  @typescript-eslint/no-unused-vars

C:\Users\amitk\Pictures\websitetesting\notepadbackup\components\student\focus-timer.tsx
  11:3  warning  'SlidersHorizontal' is defined but never used  @typescript-eslint/no-unused-vars

C:\Users\amitk\Pictures\websitetesting\notepadbackup\lib\academic\announcements.ts
   44:64  error  Unexpected any. Specify a different type  @typescript-eslint/no-explicit-any
  188:19  error  Unexpected any. Specify a different type  @typescript-eslint/no-explicit-any
  191:12  error  Unexpected any. Specify a different type  @typescript-eslint/no-explicit-any
  299:36  error  Unexpected any. Specify a different type  @typescript-eslint/no-explicit-any
  303:40  error  Unexpected any. Specify a different type  @typescript-eslint/no-explicit-any
  307:29  error  Unexpected any. Specify a different type  @typescript-eslint/no-explicit-any
  311:40  error  Unexpected any. Specify a different type  @typescript-eslint/no-explicit-any
  311:55  error  Unexpected any. Specify a different type  @typescript-eslint/no-explicit-any

C:\Users\amitk\Pictures\websitetesting\notepadbackup\lib\academic\practice.ts
  158:7  error  'pool' is never reassigned. Use 'const' instead  prefer-const
  309:7  error  'pool' is never reassigned. Use 'const' instead  prefer-const

C:\Users\amitk\Pictures\websitetesting\notepadbackup\lib\academic\recommender.ts
   4:3  warning  'FreeSlot' is defined but never used        @typescript-eslint/no-unused-vars
  51:3  warning  '_currentMinute' is defined but never used  @typescript-eslint/no-unused-vars

C:\Users\amitk\Pictures\websitetesting\notepadbackup\lib\academic\scoring.ts
   44:18  error  Unexpected any. Specify a different type  @typescript-eslint/no-explicit-any
   45:20  error  Unexpected any. Specify a different type  @typescript-eslint/no-explicit-any
   51:29  error  Unexpected any. Specify a different type  @typescript-eslint/no-explicit-any
   56:14  error  Unexpected any. Specify a different type  @typescript-eslint/no-explicit-any
   76:20  error  Unexpected any. Specify a different type  @typescript-eslint/no-explicit-any
   77:18  error  Unexpected any. Specify a different type  @typescript-eslint/no-explicit-any
  198:34  error  Unexpected any. Specify a different type  @typescript-eslint/no-explicit-any
  212:29  error  Unexpected any. Specify a different type  @typescript-eslint/no-explicit-any
  256:40  error  Unexpected any. Specify a different type  @typescript-eslint/no-explicit-any
  321:52  error  Unexpected any. Specify a different type  @typescript-eslint/no-explicit-any
  321:72  error  Unexpected any. Specify a different type  @typescript-eslint/no-explicit-any
  326:20  error  Unexpected any. Specify a different type  @typescript-eslint/no-explicit-any
  327:18  error  Unexpected any. Specify a different type  @typescript-eslint/no-explicit-any
  331:21  error  Unexpected any. Specify a different type  @typescript-eslint/no-explicit-any
  334:21  error  Unexpected any. Specify a different type  @typescript-eslint/no-explicit-any
  379:20  error  Unexpected any. Specify a different type  @typescript-eslint/no-explicit-any
  380:18  error  Unexpected any. Specify a different type  @typescript-eslint/no-explicit-any
  398:38  error  Unexpected any. Specify a different type  @typescript-eslint/no-explicit-any
  398:74  error  Unexpected any. Specify a different type  @typescript-eslint/no-explicit-any
  438:44  error  Unexpected any. Specify a different type  @typescript-eslint/no-explicit-any
  438:64  error  Unexpected any. Specify a different type  @typescript-eslint/no-explicit-any
  464:29  error  Unexpected any. Specify a different type  @typescript-eslint/no-explicit-any
  483:45  error  Unexpected any. Specify a different type  @typescript-eslint/no-explicit-any
  483:65  error  Unexpected any. Specify a different type  @typescript-eslint/no-explicit-any
  498:18  error  Unexpected any. Specify a different type  @typescript-eslint/no-explicit-any
  499:18  error  Unexpected any. Specify a different type  @typescript-eslint/no-explicit-any
  504:18  error  Unexpected any. Specify a different type  @typescript-eslint/no-explicit-any
  692:61  error  Unexpected any. Specify a different type  @typescript-eslint/no-explicit-any
  693:42  error  Unexpected any. Specify a different type  @typescript-eslint/no-explicit-any
  697:61  error  Unexpected any. Specify a different type  @typescript-eslint/no-explicit-any
  698:35  error  Unexpected any. Specify a different type  @typescript-eslint/no-explicit-any
  699:35  error  Unexpected any. Specify a different type  @typescript-eslint/no-explicit-any
  864:45  error  Unexpected any. Specify a different type  @typescript-eslint/no-explicit-any
  865:47  error  Unexpected any. Specify a different type  @typescript-eslint/no-explicit-any

C:\Users\amitk\Pictures\websitetesting\notepadbackup\lib\academic\tests.ts
   84:13  error  Unexpected any. Specify a different type  @typescript-eslint/no-explicit-any
  106:53  error  Unexpected any. Specify a different type  @typescript-eslint/no-explicit-any
  130:37  error  Unexpected any. Specify a different type  @typescript-eslint/no-explicit-any
  397:24  error  Unexpected any. Specify a different type  @typescript-eslint/no-explicit-any

C:\Users\amitk\Pictures\websitetesting\notepadbackup\lib\actions\sharing.ts
  14:32  warning  'DocumentRole' is defined but never used  @typescript-eslint/no-unused-vars

C:\Users\amitk\Pictures\websitetesting\notepadbackup\lib\cloud\invitations.ts
   53:12  error  Unexpected any. Specify a different type  @typescript-eslint/no-explicit-any
  105:12  error  Unexpected any. Specify a different type  @typescript-eslint/no-explicit-any
  119:18  error  Unexpected any. Specify a different type  @typescript-eslint/no-explicit-any
  128:12  error  Unexpected any. Specify a different type  @typescript-eslint/no-explicit-any
  164:12  error  Unexpected any. Specify a different type  @typescript-eslint/no-explicit-any
  185:12  error  Unexpected any. Specify a different type  @typescript-eslint/no-explicit-any

C:\Users\amitk\Pictures\websitetesting\notepadbackup\lib\cloud\migration.ts
   5:53  warning  'StoredLocalDoc' is defined but never used  @typescript-eslint/no-unused-vars
  37:3   warning  'workspaceId' is defined but never used     @typescript-eslint/no-unused-vars

C:\Users\amitk\Pictures\websitetesting\notepadbackup\lib\cloud\notifications.ts
   30:12  error    Unexpected any. Specify a different type    @typescript-eslint/no-explicit-any
   74:12  error    Unexpected any. Specify a different type    @typescript-eslint/no-explicit-any
   95:12  error    Unexpected any. Specify a different type    @typescript-eslint/no-explicit-any
  113:12  error    Unexpected any. Specify a different type    @typescript-eslint/no-explicit-any
  131:12  error    Unexpected any. Specify a different type    @typescript-eslint/no-explicit-any
  135:17  warning  'error' is assigned a value but never used  @typescript-eslint/no-unused-vars
  173:12  error    Unexpected any. Specify a different type    @typescript-eslint/no-explicit-any

C:\Users\amitk\Pictures\websitetesting\notepadbackup\lib\cloud\permissions.ts
   18:10  warning  'isShareTokenExpired' is defined but never used  @typescript-eslint/no-unused-vars
   66:12  error    Unexpected any. Specify a different type         @typescript-eslint/no-explicit-any
  203:12  error    Unexpected any. Specify a different type         @typescript-eslint/no-explicit-any

C:\Users\amitk\Pictures\websitetesting\notepadbackup\lib\cloud\public.ts
   34:20  error  Unexpected any. Specify a different type  @typescript-eslint/no-explicit-any
   48:12  error  Unexpected any. Specify a different type  @typescript-eslint/no-explicit-any
  113:12  error  Unexpected any. Specify a different type  @typescript-eslint/no-explicit-any
  134:12  error  Unexpected any. Specify a different type  @typescript-eslint/no-explicit-any

C:\Users\amitk\Pictures\websitetesting\notepadbackup\lib\cloud\sharing.ts
   15:3   warning  'verifySharePassword' is defined but never used  @typescript-eslint/no-unused-vars
   48:14  error    Unexpected any. Specify a different type         @typescript-eslint/no-explicit-any
   57:12  error    Unexpected any. Specify a different type         @typescript-eslint/no-explicit-any
  123:12  error    Unexpected any. Specify a different type         @typescript-eslint/no-explicit-any
  137:18  error    Unexpected any. Specify a different type         @typescript-eslint/no-explicit-any
  147:12  error    Unexpected any. Specify a different type         @typescript-eslint/no-explicit-any
  184:12  error    Unexpected any. Specify a different type         @typescript-eslint/no-explicit-any
  206:12  error    Unexpected any. Specify a different type         @typescript-eslint/no-explicit-any
  234:12  error    Unexpected any. Specify a different type         @typescript-eslint/no-explicit-any

C:\Users\amitk\Pictures\websitetesting\notepadbackup\lib\cloud\trash.ts
  20:8  warning  'FileMeta' is defined but never used  @typescript-eslint/no-unused-vars

C:\Users\amitk\Pictures\websitetesting\notepadbackup\lib\lan\identity.ts
  7:7  warning  'CHECK_SYMBOLS' is assigned a value but never used  @typescript-eslint/no-unused-vars

C:\Users\amitk\Pictures\websitetesting\notepadbackup\lib\pwa\use-pwa-install.ts
  22:5  error  Error: Calling setState synchronously within an effect can trigger cascading renders

Effects are intended to synchronize state between React and external systems such as manually updating the DOM, state management libraries, or other platform APIs. In general, the body of an effect should do one or both of the following:
* Update external systems with the latest state from React.
* Subscribe for updates from some external system, calling setState in a callback function when external state changes.

Calling setState synchronously within an effect body causes cascading renders that can hurt performance, and is not recommended. (https://react.dev/learn/you-might-not-need-an-effect).

C:\Users\amitk\Pictures\websitetesting\notepadbackup\lib\pwa\use-pwa-install.ts:22:5
  20 |       window.navigator.standalone === true
  21 |
> 22 |     setIsInstalled(isStandalone)
     |     ^^^^^^^^^^^^^^ Avoid calling setState() directly within an effect
  23 |
  24 |     const handler = (e: Event) => {
  25 |       e.preventDefault()  react-hooks/set-state-in-effect

C:\Users\amitk\Pictures\websitetesting\notepadbackup\lib\security\sanitize.ts
   25:3   warning  'ArrowNode' is defined but never used      @typescript-eslint/no-unused-vars
   26:3   warning  'ComponentNode' is defined but never used  @typescript-eslint/no-unused-vars
   27:3   warning  'DrawNode' is defined but never used       @typescript-eslint/no-unused-vars
   28:3   warning  'ImageNode' is defined but never used      @typescript-eslint/no-unused-vars
   31:3   warning  'TextNode' is defined but never used       @typescript-eslint/no-unused-vars
  378:17  warning  'id' is assigned a value but never used    @typescript-eslint/no-unused-vars

C:\Users\amitk\Pictures\websitetesting\notepadbackup\lib\storage\academic-db.ts
  213:3  warning  'oldVersion' is defined but never used  @typescript-eslint/no-unused-vars
  214:3  warning  'newVersion' is defined but never used  @typescript-eslint/no-unused-vars

C:\Users\amitk\Pictures\websitetesting\notepadbackup\lib\storage\migration.ts
  7:10  warning  'openZenithsuiDb' is defined but never used  @typescript-eslint/no-unused-vars

C:\Users\amitk\Pictures\websitetesting\notepadbackup\lib\supabase\server.ts
  5:20  error  Unexpected any. Specify a different type  @typescript-eslint/no-explicit-any

C:\Users\amitk\Pictures\websitetesting\notepadbackup\lib\workspace.ts
   13:70  warning  'FileMeta' is defined but never used                        @typescript-eslint/no-unused-vars
  303:9   error    'workspaces' is never reassigned. Use 'const' instead       prefer-const
  304:9   error    'projects' is never reassigned. Use 'const' instead         prefer-const
  305:9   error    'documents' is never reassigned. Use 'const' instead        prefer-const
  307:9   error    'activeProjectId' is never reassigned. Use 'const' instead  prefer-const

C:\Users\amitk\Pictures\websitetesting\notepadbackup\scripts\test-academic-analytics.ts
  12:3  warning  'DEFAULT_GRADE_THRESHOLDS' is defined but never used  @typescript-eslint/no-unused-vars

C:\Users\amitk\Pictures\websitetesting\notepadbackup\scripts\test-academic-db.ts
  36:38  error  Unexpected any. Specify a different type  @typescript-eslint/no-explicit-any
  37:17  error  Unexpected any. Specify a different type  @typescript-eslint/no-explicit-any
  41:45  error  Unexpected any. Specify a different type  @typescript-eslint/no-explicit-any
  47:62  error  Unexpected any. Specify a different type  @typescript-eslint/no-explicit-any
  91:39  error  Unexpected any. Specify a different type  @typescript-eslint/no-explicit-any

C:\Users\amitk\Pictures\websitetesting\notepadbackup\scripts\test-academic-guardian.ts
   95:95   error  Unexpected any. Specify a different type  @typescript-eslint/no-explicit-any
   95:134  error  Unexpected any. Specify a different type  @typescript-eslint/no-explicit-any
   96:96   error  Unexpected any. Specify a different type  @typescript-eslint/no-explicit-any
   96:139  error  Unexpected any. Specify a different type  @typescript-eslint/no-explicit-any
   97:114  error  Unexpected any. Specify a different type  @typescript-eslint/no-explicit-any
  110:96   error  Unexpected any. Specify a different type  @typescript-eslint/no-explicit-any

C:\Users\amitk\Pictures\websitetesting\notepadbackup\scripts\test-academic-planner.ts
  59:7  warning  'task3' is assigned a value but never used  @typescript-eslint/no-unused-vars

C:\Users\amitk\Pictures\websitetesting\notepadbackup\scripts\test-academic-syllabus.ts
  196:9  warning  'link2' is assigned a value but never used  @typescript-eslint/no-unused-vars

C:\Users\amitk\Pictures\websitetesting\notepadbackup\scripts\test-phase2-invitations.ts
  46:73  error  Unexpected any. Specify a different type  @typescript-eslint/no-explicit-any

C:\Users\amitk\Pictures\websitetesting\notepadbackup\scripts\test-phase2-permissions.ts
   11:8   warning  'PermissionAction' is defined but never used  @typescript-eslint/no-unused-vars
   28:13  error    Unexpected any. Specify a different type      @typescript-eslint/no-explicit-any
   29:15  error    Unexpected any. Specify a different type      @typescript-eslint/no-explicit-any
   30:21  error    Unexpected any. Specify a different type      @typescript-eslint/no-explicit-any
   31:20  error    Unexpected any. Specify a different type      @typescript-eslint/no-explicit-any
   32:15  error    Unexpected any. Specify a different type      @typescript-eslint/no-explicit-any
   37:14  warning  'col' is defined but never used               @typescript-eslint/no-unused-vars
   37:27  warning  'val' is defined but never used               @typescript-eslint/no-unused-vars
   37:32  error    Unexpected any. Specify a different type      @typescript-eslint/no-explicit-any
   38:16  warning  'col2' is defined but never used              @typescript-eslint/no-unused-vars
   38:30  warning  'val2' is defined but never used              @typescript-eslint/no-unused-vars
   38:36  error    Unexpected any. Specify a different type      @typescript-eslint/no-explicit-any
  201:92  error    Unexpected any. Specify a different type      @typescript-eslint/no-explicit-any

C:\Users\amitk\Pictures\websitetesting\notepadbackup\scripts\test-phase3-practice.ts
  149:7  warning  'a3' is assigned a value but never used  @typescript-eslint/no-unused-vars
  156:7  warning  'a4' is assigned a value but never used  @typescript-eslint/no-unused-vars

C:\Users\amitk\Pictures\websitetesting\notepadbackup\scripts\test-phase3-recommender.ts
    2:3   warning  'computeStateScore' is defined but never used  @typescript-eslint/no-unused-vars
  154:37  error    Unexpected any. Specify a different type       @typescript-eslint/no-explicit-any
  155:39  error    Unexpected any. Specify a different type       @typescript-eslint/no-explicit-any

C:\Users\amitk\Pictures\websitetesting\notepadbackup\scripts\test-regression.ts
  8:60  warning  'SquigNode' is defined but never used  @typescript-eslint/no-unused-vars

C:\Users\amitk\Pictures\websitetesting\notepadbackup\scripts\test-security.ts
  427:89  error  Unexpected any. Specify a different type  @typescript-eslint/no-explicit-any

C:\Users\amitk\Pictures\websitetesting\notepadbackup\scripts\test-sync.ts
  119:80   error  Unexpected any. Specify a different type  @typescript-eslint/no-explicit-any
  120:110  error  Unexpected any. Specify a different type  @typescript-eslint/no-explicit-any

✖ 223 problems (138 errors, 85 warnings)
  6 errors and 0 warnings potentially fixable with the `--fix` option.

 ELIFECYCLE  Command failed with exit code 1.
